[adrofx.com/social-investing.html]
[backblue.gif]
[fade.gif]
[index.html]
[dynamic.criteo.com/js/ld/lddae4.js]
[adrofx.com/sites/default/files/favicon.png]
[adrofx.com/themes/custom/adrofx_theme/css_local/fonts.css]
[adrofx.com/sites/default/files/css/css_hx9xkJ5VqN7lkqEi8ZXDsngv_YsEAGTXTOVn5suGOB4.css]
[adrofx.com/sites/default/files/css/css_GpsSXmlsOWQM5PYYULEh0GgUxjvF3wP9ugzTIvXxIWE.css]
[adrofx.com/sites/default/files/css/css_TfPF2BNFTHNupNbvl2_y0D5qxITedUGb_DRpodMu7-Q.css]
[adrofx.com/sites/default/files/css/css_xwhHBbLqsJSh2Sn-gMQ9RdGLCyIAPgXIoZi7FQ4jhc0.css]
[adrofx.com/sites/default/files/css/css__ylGpb9Oo2XUdRxouW2cEjIBSA4u130Oy7-Tz1mV6p4.css]
[cdn.jsdelivr.net/npm/bootstrap@5.0.2/dist/css/bootstrap.min.css]
[adrofx.com/Trident/index.html]
[cdnjs.cloudflare.com/ajax/libs/slick-carousel/1.8.1/slick.min.css]
[cdnjs.cloudflare.com/ajax/libs/slick-carousel/1.8.1/slick-theme.min.css]
[cdn.jsdelivr.net/npm/bootstrap-icons@1.8.0/font/bootstrap-icons.css]
[adrofx.com/themes/custom/adrofx_theme/185/assets/css/style.css]
[adrofx.com/themes/custom/adrofx_theme/185/img/adrofx-logo__art-trading.svg]
[adrofx.com/themes/custom/adrofx_theme/185/img/main-hero-375.png]
[adrofx.com/themes/custom/adrofx_theme/185/icons/icon-save.svg]
[adrofx.com/themes/custom/adrofx_theme/185/icons/icon-type-account.svg]
[adrofx.com/themes/custom/adrofx_theme/185/icons/icon-trust.svg]
[adrofx.com/themes/custom/adrofx_theme/185/icons/sprite.svg]
[adrofx.com/themes/custom/adrofx_theme/185/img/copy-trade__update.png]
[adrofx.com/themes/custom/adrofx_theme/185/img/banner-separator__phone.png]
[adrofx.com/themes/custom/adrofx_theme/185/img/copy-top-images.png]
[adrofx.com/themes/custom/adrofx_theme/185/img/phone-product-card-1.png]
[adrofx.com/themes/custom/adrofx_theme/185/img/phone-product-card-2.png]
[adrofx.com/themes/custom/adrofx_theme/185/img/phone-product-card-3.png]
[adrofx.com/themes/custom/adrofx_theme/185/icons/icon-verified.svg]
[adrofx.com/themes/custom/adrofx_theme/185/icons/icon-solution.svg]
[adrofx.com/themes/custom/adrofx_theme/185/icons/icon-platform.svg]
[adrofx.com/themes/custom/adrofx_theme/185/icons/icon-support.svg]
[adrofx.com/themes/custom/adrofx_theme/185/icons/icon-tools.png]
[adrofx.com/themes/custom/adrofx_theme/185/icons/icon-planet.png]
[adrofx.com/themes/custom/adrofx_theme/185/icons/icon-chess.png]
[adrofx.com/themes/custom/adrofx_theme/185/img/tony.jpg]
[adrofx.com/themes/custom/adrofx_theme/185/img/alan-fx.jpg]
[adrofx.com/themes/custom/adrofx_theme/185/img/Collen-H.jpg]
[adrofx.com/themes/custom/adrofx_theme/185/img/Wendy-Malcrew.jpg]
[adrofx.com/themes/custom/adrofx_theme/185/img/forex-expert.jpg]
[adrofx.com/themes/custom/adrofx_theme/185/img/anna-trading.jpg]
[adrofx.com/themes/custom/adrofx_theme/185/img/margaret-m.png]
[adrofx.com/themes/custom/adrofx_theme/185/img/adro-fx-logo-white.svg]
[adrofx.com/cdn-cgi/l/email-protection.html]
[adrofx.com/cdn-cgi/scripts/5c5dd728/cloudflare-static/email-decode.min.js]
[adrofx.com/themes/custom/adrofx_theme/185/js/jquery.min.js]
[cdnjs.cloudflare.com/ajax/libs/jquery-cookie/1.4.1/jquery.cookie.min.js]
[adrofx.com/themes/custom/adrofx_theme/185/js/slick.min.js]
[adrofx.com/sites/default/files/js/js_hjmgJC-6fXyC4Uktdwr3TCdf-8d1we5cxK24Pw_GZJE.js]
[adrofx.com/sites/default/files/js/js_N3ilkHMc7h7EBgskhyEn-XBT0iPmB1pLpr-YoWwukak.js]
[adrofx.com/sites/default/files/js/js__7sPnWFdBJ5ZAV_Rhfs-S25zLlQXtAbHiL8zLOGBeAg.js]
[adrofx.com/sites/default/files/js/js_PwUWY1p8inz5SnFxxqeTD9Quozk1ZryMXYaFYvMJP70.js]
[adrofx.com/sites/default/files/js/js_DVm-1tRkf6L-8jpKgGYbBzJnp0bsb9OwL_shvT2nLpg.js]
[adrofx.com/social-investing.html]
[www.googletagmanager.com/gtm5445.html]
[adrofx.com/themes/custom/adrofx_theme/fonts/Roboto-Regular.eot]
[adrofx.com/themes/custom/adrofx_theme/fonts/Roboto-Regulard41d.eot]
[adrofx.com/themes/custom/adrofx_theme/fonts/Roboto-Regular.svg]
[adrofx.com/themes/custom/adrofx_theme/fonts/Roboto-Regular.ttf]
[adrofx.com/themes/custom/adrofx_theme/fonts/Roboto-Regular.woff]
[adrofx.com/themes/custom/adrofx_theme/fonts/Roboto-Regular.woff2]
[adrofx.com/themes/custom/adrofx_theme/fonts/Roboto-Italic.eot]
[adrofx.com/themes/custom/adrofx_theme/fonts/Roboto-Italicd41d.eot]
[adrofx.com/themes/custom/adrofx_theme/fonts/Roboto-Italic.svg]
[adrofx.com/themes/custom/adrofx_theme/fonts/Roboto-Italic.ttf]
[adrofx.com/themes/custom/adrofx_theme/fonts/Roboto-Italic.woff]
[adrofx.com/themes/custom/adrofx_theme/fonts/Roboto-Italic.woff2]
[adrofx.com/themes/custom/adrofx_theme/fonts/Roboto-Black.eot]
[adrofx.com/themes/custom/adrofx_theme/fonts/Roboto-Blackd41d.eot]
[adrofx.com/themes/custom/adrofx_theme/fonts/Roboto-Black.svg]
[adrofx.com/themes/custom/adrofx_theme/fonts/Roboto-Black.ttf]
[adrofx.com/themes/custom/adrofx_theme/fonts/Roboto-Black.woff]
[adrofx.com/themes/custom/adrofx_theme/fonts/Roboto-Black.woff2]
[adrofx.com/themes/custom/adrofx_theme/fonts/Roboto-Bold.eot]
[adrofx.com/themes/custom/adrofx_theme/fonts/Roboto-Boldd41d.eot]
[adrofx.com/themes/custom/adrofx_theme/fonts/Roboto-Bold.svg]
[adrofx.com/themes/custom/adrofx_theme/fonts/Roboto-Bold.ttf]
[adrofx.com/themes/custom/adrofx_theme/fonts/Roboto-Bold.woff]
[adrofx.com/themes/custom/adrofx_theme/fonts/Roboto-Bold.woff2]
[adrofx.com/themes/custom/adrofx_theme/fonts/Akrobat-Regular.eot]
[adrofx.com/themes/custom/adrofx_theme/fonts/Akrobat-Regulard41d.eot]
[adrofx.com/themes/custom/adrofx_theme/fonts/Akrobat-Regular.svg]
[adrofx.com/themes/custom/adrofx_theme/fonts/Akrobat-Regular.ttf]
[adrofx.com/themes/custom/adrofx_theme/fonts/Akrobat-Regular.woff]
[adrofx.com/themes/custom/adrofx_theme/fonts/Akrobat-Regular.woff2]
[adrofx.com/themes/custom/adrofx_theme/fonts/icons8016.eot]
[adrofx.com/themes/custom/adrofx_theme/fonts/icons8016.ttf]
[adrofx.com/themes/custom/adrofx_theme/fonts/icons8016.woff]
[adrofx.com/themes/custom/adrofx_theme/css_local/fonts.css]
[adrofx.com/themes/custom/adrofx_theme/fonts/icons8016.svg]
[adrofx.com/core/misc/throbber-active.gif]
[adrofx.com/core/misc/loading-small.gif]
[adrofx.com/core/misc/throbber-inactive.png]
[adrofx.com/sites/default/files/css/css_hx9xkJ5VqN7lkqEi8ZXDsngv_YsEAGTXTOVn5suGOB4.css]
[adrofx.com/sites/default/files/css/css_GpsSXmlsOWQM5PYYULEh0GgUxjvF3wP9ugzTIvXxIWE.css]
[adrofx.com/core/misc/icons/e32700/error.svg]
[adrofx.com/core/misc/icons/e29700/warning.svg]
[adrofx.com/core/misc/icons/73b355/check.svg]
[adrofx.com/core/misc/icons/787878/move.svg]
[adrofx.com/core/misc/icons/787878/twistie-down.svg]
[adrofx.com/core/misc/icons/787878/twistie-up.svg]
[adrofx.com/core/misc/tree.png]
[adrofx.com/core/misc/tree-bottom.png]
[adrofx.com/sites/default/files/css/css_TfPF2BNFTHNupNbvl2_y0D5qxITedUGb_DRpodMu7-Q.css]
[adrofx.com/themes/custom/adrofx_theme/css/owl.video.play.png]
[adrofx.com/themes/custom/adrofx_theme/assets/images/check.svg]
[adrofx.com/themes/custom/adrofx_theme/assets/fonts/Roboto-Regular.eot]
[adrofx.com/themes/custom/adrofx_theme/assets/fonts/Roboto-Regulard41d.eot]
[adrofx.com/themes/custom/adrofx_theme/assets/fonts/Roboto-Regular.svg]
[adrofx.com/themes/custom/adrofx_theme/assets/fonts/Roboto-Regular.ttf]
[adrofx.com/themes/custom/adrofx_theme/assets/fonts/Roboto-Regular.woff]
[adrofx.com/themes/custom/adrofx_theme/assets/fonts/Roboto-Regular.woff2]
[adrofx.com/themes/custom/adrofx_theme/assets/fonts/Roboto-Italic.eot]
[adrofx.com/themes/custom/adrofx_theme/assets/fonts/Roboto-Italicd41d.eot]
[adrofx.com/themes/custom/adrofx_theme/assets/fonts/Roboto-Italic.svg]
[adrofx.com/themes/custom/adrofx_theme/assets/fonts/Roboto-Italic.ttf]
[adrofx.com/themes/custom/adrofx_theme/assets/fonts/Roboto-Italic.woff]
[adrofx.com/themes/custom/adrofx_theme/assets/fonts/Roboto-Italic.woff2]
[adrofx.com/themes/custom/adrofx_theme/assets/fonts/Roboto-Black.eot]
[adrofx.com/themes/custom/adrofx_theme/assets/fonts/Roboto-Blackd41d.eot]
[adrofx.com/themes/custom/adrofx_theme/assets/fonts/Roboto-Black.svg]
[adrofx.com/themes/custom/adrofx_theme/assets/fonts/Roboto-Black.ttf]
[adrofx.com/themes/custom/adrofx_theme/assets/fonts/Roboto-Black.woff]
[adrofx.com/themes/custom/adrofx_theme/assets/fonts/Roboto-Black.woff2]
[adrofx.com/themes/custom/adrofx_theme/assets/fonts/Roboto-Bold.eot]
[adrofx.com/themes/custom/adrofx_theme/assets/fonts/Roboto-Boldd41d.eot]
[adrofx.com/themes/custom/adrofx_theme/assets/fonts/Roboto-Bold.svg]
[adrofx.com/themes/custom/adrofx_theme/assets/fonts/Roboto-Bold.ttf]
[adrofx.com/themes/custom/adrofx_theme/assets/fonts/Roboto-Bold.woff]
[adrofx.com/themes/custom/adrofx_theme/assets/fonts/Roboto-Bold.woff2]
[adrofx.com/themes/custom/adrofx_theme/assets/fonts/Akrobat-Regular.eot]
[adrofx.com/themes/custom/adrofx_theme/assets/fonts/Akrobat-Regulard41d.eot]
[adrofx.com/themes/custom/adrofx_theme/assets/fonts/Akrobat-Regular.svg]
[adrofx.com/themes/custom/adrofx_theme/assets/fonts/Akrobat-Regular.ttf]
[adrofx.com/themes/custom/adrofx_theme/assets/fonts/Akrobat-Regular.woff]
[adrofx.com/themes/custom/adrofx_theme/assets/fonts/Akrobat-Regular.woff2]
[adrofx.com/themes/custom/adrofx_theme/assets/fonts/icons8016.eot]
[adrofx.com/themes/custom/adrofx_theme/assets/fonts/icons8016.ttf]
[adrofx.com/themes/custom/adrofx_theme/assets/fonts/icons8016.woff]
[adrofx.com/themes/custom/adrofx_theme/assets/fonts/icons8016.svg]
[adrofx.com/themes/custom/adrofx_theme/assets/images/close-icon.svg]
[adrofx.com/themes/custom/adrofx_theme/assets/images/warning-icon.svg]
[adrofx.com/themes/custom/adrofx_theme/assets/images/success.png]
[adrofx.com/themes/custom/adrofx_theme/assets/images/select-arrow-down.svg]
[adrofx.com/themes/custom/adrofx_theme/assets/images/register-2022.jpg]
[adrofx.com/themes/custom/adrofx_theme/assets/images/arrow-dropdown.svg]
[adrofx.com/themes/custom/adrofx_theme/assets/images/icon-info.svg]
[adrofx.com/themes/custom/adrofx_theme/assets/images/check-default.svg]
[adrofx.com/themes/custom/adrofx_theme/assets/images/check-checked.svg]
[adrofx.com/themes/custom/adrofx_theme/assets/images/check-bg.svg]
[adrofx.com/themes/custom/adrofx_theme/assets/images/partners-registration-bg.jpg]
[adrofx.com/themes/custom/adrofx_theme/assets/images/vps/vps-bg.jpg]
[adrofx.com/themes/custom/adrofx_theme/assets/images/why/why-header-bg.jpg]
[adrofx.com/themes/custom/adrofx_theme/assets/img/refer-a-friend/refer-a-friend-lg.jpg]
[adrofx.com/themes/custom/adrofx_theme/assets/images/partners/partners-header.jpg]
[adrofx.com/themes/custom/adrofx_theme/assets/images/partners/simple.jpg]
[adrofx.com/themes/custom/adrofx_theme/assets/images/trading-calculator/trading-calculator-header-xl.jpg]
[adrofx.com/themes/custom/adrofx_theme/assets/images/account-swap-free/slider-xl.jpg]
[adrofx.com/themes/custom/adrofx_theme/assets/images/account-swap-free/islamic-ornament.png]
[adrofx.com/themes/custom/adrofx_theme/assets/images/fund-security.jpg]
[adrofx.com/themes/custom/adrofx_theme/assets/img/web-trading-platform/web_trading_platforms_lg.jpg]
[adrofx.com/themes/custom/adrofx_theme/assets/img/trading-platform/bars.png]
[adrofx.com/themes/custom/adrofx_theme/assets/img/liquidity-providers/icon-logo-deutsche-bank.png]
[adrofx.com/themes/custom/adrofx_theme/assets/img/liquidity-providers/icon-logo-barclays.png]
[adrofx.com/themes/custom/adrofx_theme/assets/img/liquidity-providers/icon-logo-goldman-sachs.png]
[adrofx.com/themes/custom/adrofx_theme/assets/img/liquidity-providers/icon-logo-ubs.png]
[adrofx.com/themes/custom/adrofx_theme/assets/img/liquidity-providers/icon-logo-merrill-lynch.png]
[adrofx.com/themes/custom/adrofx_theme/assets/img/liquidity-providers/icon-logo-credit-suisse.png]
[adrofx.com/themes/custom/adrofx_theme/assets/images/account-swap-free/islamic-account-lg.jpg]
[adrofx.com/themes/custom/adrofx_theme/assets/images/trading-calculator/trading-calculator-header-xs.jpg]
[adrofx.com/themes/custom/adrofx_theme/assets/images/account-swap-free/islamic-account-md.jpg]
[adrofx.com/themes/custom/adrofx_theme/assets/images/account-swap-free/islamic-account-xs.jpg]
[adrofx.com/themes/custom/adrofx_theme/images/arrow-right-white.svg]
[adrofx.com/themes/custom/adrofx_theme/images/check.svg]
[adrofx.com/themes/custom/adrofx_theme/images/close-icon.svg]
[adrofx.com/themes/custom/adrofx_theme/images/warning-icon.svg]
[adrofx.com/themes/custom/adrofx_theme/images/success.png]
[adrofx.com/themes/custom/adrofx_theme/images/select-arrow-down.svg]
[adrofx.com/themes/custom/adrofx_theme/images/top-markets-icons/arrow-down.svg]
[adrofx.com/themes/custom/adrofx_theme/images/top-markets-horisontal.png]
[adrofx.com/themes/custom/adrofx_theme/images/tab-passive.svg]
[adrofx.com/themes/custom/adrofx_theme/images/tab-active.svg]
[adrofx.com/themes/custom/adrofx_theme/images/long-arrow-right.svg]
[adrofx.com/themes/custom/adrofx_theme/images/long-arrow-left.svg]
[adrofx.com/themes/custom/adrofx_theme/images/icons/icon-linkedin-fill.svg]
[adrofx.com/themes/custom/adrofx_theme/images/icons/icon-twitter-fill.svg]
[adrofx.com/themes/custom/adrofx_theme/images/icons/icon-facebook-fill.svg]
[adrofx.com/themes/custom/adrofx_theme/images/icons/icon-link-fill.svg]
[adrofx.com/themes/custom/adrofx_theme/templates/icon-bells.png]
[adrofx.com/themes/custom/adrofx_theme/img/trade-with-us-banner.png]
[adrofx.com/themes/custom/adrofx_theme/images/register-2022.jpg]
[adrofx.com/themes/custom/adrofx_theme/images/arrow-dropdown.svg]
[adrofx.com/themes/custom/adrofx_theme/images/icon-info.svg]
[adrofx.com/themes/custom/adrofx_theme/images/check-default.svg]
[adrofx.com/themes/custom/adrofx_theme/images/check-checked.svg]
[adrofx.com/themes/custom/adrofx_theme/images/check-bg.svg]
[adrofx.com/themes/custom/adrofx_theme/images/partners-registration-bg.jpg]
[adrofx.com/themes/custom/adrofx_theme/images/vps/vps-bg.jpg]
[adrofx.com/themes/custom/adrofx_theme/images/why/why-header-bg.jpg]
[adrofx.com/themes/custom/adrofx_theme/img/refer-a-friend/refer-a-friend-lg.jpg]
[adrofx.com/themes/custom/adrofx_theme/images/partners/partners-header.jpg]
[adrofx.com/themes/custom/adrofx_theme/images/partners/simple.jpg]
[adrofx.com/themes/custom/adrofx_theme/images/trading-calculator/trading-calculator-header-xl.jpg]
[adrofx.com/themes/custom/adrofx_theme/images/account-swap-free/slider-xl.jpg]
[adrofx.com/themes/custom/adrofx_theme/images/account-swap-free/islamic-ornament.png]
[adrofx.com/themes/custom/adrofx_theme/images/fund-security.jpg]
[adrofx.com/themes/custom/adrofx_theme/img/web-trading-platform/web_trading_platforms_lg.jpg]
[adrofx.com/themes/custom/adrofx_theme/img/trading-platform/bars.png]
[adrofx.com/themes/custom/adrofx_theme/img/liquidity-providers/icon-logo-deutsche-bank.png]
[adrofx.com/themes/custom/adrofx_theme/img/liquidity-providers/icon-logo-barclays.png]
[adrofx.com/themes/custom/adrofx_theme/img/liquidity-providers/icon-logo-goldman-sachs.png]
[adrofx.com/themes/custom/adrofx_theme/img/liquidity-providers/icon-logo-ubs.png]
[adrofx.com/themes/custom/adrofx_theme/img/liquidity-providers/icon-logo-merrill-lynch.png]
[adrofx.com/themes/custom/adrofx_theme/img/liquidity-providers/icon-logo-credit-suisse.png]
[adrofx.com/themes/custom/adrofx_theme/img/arrow-right-blue.svg]
[adrofx.com/themes/custom/adrofx_theme/images/testimmomials-bg-img.png]
[adrofx.com/themes/custom/adrofx_theme/images/icons/icon-quotes.svg]
[adrofx.com/themes/custom/adrofx_theme/images/icons/icon-arrow.svg]
[adrofx.com/themes/custom/adrofx_theme/images/account-swap-free/islamic-account-lg.jpg]
[adrofx.com/themes/custom/adrofx_theme/images/top-markets-verticals.png]
[adrofx.com/themes/custom/adrofx_theme/images/trading-calculator/trading-calculator-header-xs.jpg]
[adrofx.com/themes/custom/adrofx_theme/images/account-swap-free/islamic-account-md.jpg]
[adrofx.com/themes/custom/adrofx_theme/images/account-swap-free/islamic-account-xs.jpg]
[adrofx.com/sites/default/files/css/css_xwhHBbLqsJSh2Sn-gMQ9RdGLCyIAPgXIoZi7FQ4jhc0.css]
[adrofx.com/themes/custom/adrofx_theme/images/flags.png]
[adrofx.com/themes/custom/adrofx_theme/images/flags@2x.png]
[adrofx.com/themes/custom/adrofx_theme/fonts/icons-2/icons-29ae5.eot]
[adrofx.com/themes/custom/adrofx_theme/fonts/icons-2/icons-29ae5.ttf]
[adrofx.com/themes/custom/adrofx_theme/fonts/icons-2/icons-29ae5.woff]
[adrofx.com/themes/custom/adrofx_theme/fonts/icons-2/icons-29ae5.svg]
[adrofx.com/themes/custom/adrofx_theme/images/account-micro/img_1.jpg]
[adrofx.com/themes/custom/adrofx_theme/images/account-micro/img_1-min.png]
[adrofx.com/themes/custom/adrofx_theme/fonts/standard/standarde12d.eot]
[adrofx.com/themes/custom/adrofx_theme/fonts/standard/standarde12d.ttf]
[adrofx.com/themes/custom/adrofx_theme/fonts/standard/standarde12d.woff]
[adrofx.com/themes/custom/adrofx_theme/fonts/standard/standarde12d.svg]
[adrofx.com/themes/custom/adrofx_theme/images/account-standard/img_1.jpg]
[adrofx.com/themes/custom/adrofx_theme/fonts/premium/premium8f14.eot]
[adrofx.com/themes/custom/adrofx_theme/fonts/premium/premium8f14.ttf]
[adrofx.com/themes/custom/adrofx_theme/fonts/premium/premium8f14.woff]
[adrofx.com/themes/custom/adrofx_theme/fonts/premium/premium8f14.svg]
[adrofx.com/themes/custom/adrofx_theme/images/account-premium/img_1.jpg]
[adrofx.com/themes/custom/adrofx_theme/fonts/pro/pro4cab.eot]
[adrofx.com/themes/custom/adrofx_theme/fonts/pro/pro4cab.ttf]
[adrofx.com/themes/custom/adrofx_theme/fonts/pro/pro4cab.woff]
[adrofx.com/themes/custom/adrofx_theme/fonts/pro/pro4cab.svg]
[adrofx.com/themes/custom/adrofx_theme/images/account-pro/img_1.jpg]
[adrofx.com/sites/default/files/css/css__ylGpb9Oo2XUdRxouW2cEjIBSA4u130Oy7-Tz1mV6p4.css]
[adrofx.com/Trident/index.html]
[cdn.jsdelivr.net/npm/bootstrap@5.0.2/dist/css/bootstrap.min.css]
[cdnjs.cloudflare.com/ajax/libs/slick-carousel/1.8.1/slick.min.css]
[cdnjs.cloudflare.com/ajax/libs/slick-carousel/1.8.1/ajax-loader.gif]
[cdnjs.cloudflare.com/ajax/libs/slick-carousel/1.8.1/fonts/slick.eot]
[cdnjs.cloudflare.com/ajax/libs/slick-carousel/1.8.1/fonts/slickd41d.eot]
[cdnjs.cloudflare.com/ajax/libs/slick-carousel/1.8.1/fonts/slick.woff]
[cdnjs.cloudflare.com/ajax/libs/slick-carousel/1.8.1/fonts/slick.ttf]
[cdnjs.cloudflare.com/ajax/libs/slick-carousel/1.8.1/slick-theme.min.css]
[cdnjs.cloudflare.com/ajax/libs/slick-carousel/1.8.1/fonts/slick.svg]
[cdn.jsdelivr.net/npm/bootstrap-icons@1.8.0/font/fonts/bootstrap-iconsbe27.woff2]
[cdn.jsdelivr.net/npm/bootstrap-icons@1.8.0/font/fonts/bootstrap-iconsbe27.woff]
[cdn.jsdelivr.net/npm/bootstrap-icons@1.8.0/font/bootstrap-icons.css]
[cdn.jsdelivr.net/npm/bootstrap-icons@1.8.1/font/bootstrap-icons.css]
[adrofx.com/themes/custom/adrofx_theme/185/fonts/b9a86a749f6403ffcbf023ac838674c6.eot]
[adrofx.com/themes/custom/adrofx_theme/185/fonts/b9a86a749f6403ffcbf023ac838674c6d41d.eot]
[adrofx.com/themes/custom/adrofx_theme/185/fonts/b9a86a749f6403ffcbf023ac838674c6.woff2]
[adrofx.com/themes/custom/adrofx_theme/185/fonts/b9a86a749f6403ffcbf023ac838674c6.woff]
[adrofx.com/themes/custom/adrofx_theme/185/fonts/b9a86a749f6403ffcbf023ac838674c6.ttf]
[adrofx.com/themes/custom/adrofx_theme/185/fonts/b9a86a749f6403ffcbf023ac838674c6.svg]
[adrofx.com/themes/custom/adrofx_theme/185/img/top-investor-word__white.svg]
[adrofx.com/themes/custom/adrofx_theme/185/img/main-hero.png]
[adrofx.com/themes/custom/adrofx_theme/185/img/banner-separator.png]
[adrofx.com/themes/custom/adrofx_theme/185/img/top-investor-word.svg]
[adrofx.com/themes/custom/adrofx_theme/185/img/currenrcy-icon.png]
[adrofx.com/themes/custom/adrofx_theme/185/img/img-chess-fade.png]
[adrofx.com/themes/custom/adrofx_theme/185/img/img-planet-fade.png]
[adrofx.com/themes/custom/adrofx_theme/185/img/img-tools-fade.png]
[adrofx.com/themes/custom/adrofx_theme/185/img/banner-separator__mobile.png]
[adrofx.com/themes/custom/adrofx_theme/185/assets/css/style.css]
[adrofx.com/themes/custom/adrofx_theme/185/img/adrofx-logo__art-trading.svg]
[adrofx.com/themes/custom/adrofx_theme/185/icons/icon-save.svg]
[adrofx.com/themes/custom/adrofx_theme/185/icons/icon-type-account.svg]
[adrofx.com/themes/custom/adrofx_theme/185/icons/icon-trust.svg]
[adrofx.com/themes/custom/adrofx_theme/185/icons/sprite.svg]
[adrofx.com/themes/custom/adrofx_theme/185/icons/icon-verified.svg]
[adrofx.com/themes/custom/adrofx_theme/185/icons/icon-solution.svg]
[adrofx.com/themes/custom/adrofx_theme/185/icons/icon-platform.svg]
[adrofx.com/themes/custom/adrofx_theme/185/icons/icon-support.svg]
[adrofx.com/themes/custom/adrofx_theme/185/img/adro-fx-logo-white.svg]
[adrofx.com/cdn-cgi/l/email-protection.html]
[adrofx.com/themes/custom/adrofx_theme/fonts/Roboto-Regular.svg]
[adrofx.com/themes/custom/adrofx_theme/fonts/Roboto-Italic.svg]
[adrofx.com/themes/custom/adrofx_theme/fonts/Roboto-Black.svg]
[adrofx.com/themes/custom/adrofx_theme/fonts/Roboto-Bold.svg]
[adrofx.com/themes/custom/adrofx_theme/fonts/Akrobat-Regular.svg]
[adrofx.com/themes/custom/adrofx_theme/fonts/icons8016.svg]
[adrofx.com/core/misc/icons/e32700/error.svg]
[adrofx.com/core/misc/icons/e29700/warning.svg]
[adrofx.com/core/misc/icons/73b355/check.svg]
[adrofx.com/core/misc/icons/787878/move.svg]
[adrofx.com/core/misc/icons/787878/twistie-down.svg]
[adrofx.com/core/misc/icons/787878/twistie-up.svg]
[adrofx.com/themes/custom/adrofx_theme/css/owl.video.play.html]
[adrofx.com/themes/custom/adrofx_theme/assets/images/check.html]
[adrofx.com/themes/custom/adrofx_theme/assets/fonts/Roboto-Regular.html]
[adrofx.com/themes/custom/adrofx_theme/assets/fonts/Roboto-Regulard41d.html]
[adrofx.com/themes/custom/adrofx_theme/assets/fonts/Roboto-Regular-2.html]
[adrofx.com/themes/custom/adrofx_theme/assets/fonts/Roboto-Regular-3.html]
[adrofx.com/themes/custom/adrofx_theme/assets/fonts/Roboto-Regular-4.html]
[adrofx.com/themes/custom/adrofx_theme/assets/fonts/Roboto-Regular-5.html]
[adrofx.com/themes/custom/adrofx_theme/assets/fonts/Roboto-Italic.html]
[adrofx.com/themes/custom/adrofx_theme/assets/fonts/Roboto-Italicd41d.html]
[adrofx.com/themes/custom/adrofx_theme/assets/fonts/Roboto-Italic-2.html]
[adrofx.com/themes/custom/adrofx_theme/assets/fonts/Roboto-Italic-3.html]
[adrofx.com/themes/custom/adrofx_theme/assets/fonts/Roboto-Italic-4.html]
[adrofx.com/themes/custom/adrofx_theme/assets/fonts/Roboto-Italic-5.html]
[adrofx.com/themes/custom/adrofx_theme/assets/fonts/Roboto-Black.html]
[adrofx.com/themes/custom/adrofx_theme/assets/fonts/Roboto-Blackd41d.html]
[adrofx.com/themes/custom/adrofx_theme/assets/fonts/Roboto-Black-2.html]
[adrofx.com/themes/custom/adrofx_theme/assets/fonts/Roboto-Black-3.html]
[adrofx.com/themes/custom/adrofx_theme/assets/fonts/Roboto-Black-4.html]
[adrofx.com/themes/custom/adrofx_theme/assets/fonts/Roboto-Black-5.html]
[adrofx.com/themes/custom/adrofx_theme/assets/fonts/Roboto-Bold.html]
[adrofx.com/themes/custom/adrofx_theme/assets/fonts/Roboto-Boldd41d.html]
[adrofx.com/themes/custom/adrofx_theme/assets/fonts/Roboto-Bold-2.html]
[adrofx.com/themes/custom/adrofx_theme/assets/fonts/Roboto-Bold-3.html]
[adrofx.com/themes/custom/adrofx_theme/assets/fonts/Roboto-Bold-4.html]
[adrofx.com/themes/custom/adrofx_theme/assets/fonts/Roboto-Bold-5.html]
[adrofx.com/themes/custom/adrofx_theme/assets/fonts/Akrobat-Regular.html]
[adrofx.com/themes/custom/adrofx_theme/assets/fonts/Akrobat-Regulard41d.html]
[adrofx.com/themes/custom/adrofx_theme/assets/fonts/Akrobat-Regular-2.html]
[adrofx.com/themes/custom/adrofx_theme/assets/fonts/Akrobat-Regular-3.html]
[adrofx.com/themes/custom/adrofx_theme/assets/fonts/Akrobat-Regular-4.html]
[adrofx.com/themes/custom/adrofx_theme/assets/fonts/Akrobat-Regular-5.html]
[adrofx.com/themes/custom/adrofx_theme/assets/fonts/icons8016.html]
[adrofx.com/themes/custom/adrofx_theme/assets/fonts/icons8016-2.html]
[adrofx.com/themes/custom/adrofx_theme/assets/fonts/icons8016-3.html]
[adrofx.com/themes/custom/adrofx_theme/assets/images/close-icon.html]
[adrofx.com/themes/custom/adrofx_theme/assets/images/warning-icon.html]
[adrofx.com/themes/custom/adrofx_theme/assets/images/success.html]
[adrofx.com/themes/custom/adrofx_theme/assets/images/select-arrow-down.html]
[adrofx.com/themes/custom/adrofx_theme/assets/images/register-2022.html]
[adrofx.com/themes/custom/adrofx_theme/assets/images/arrow-dropdown.html]
[adrofx.com/themes/custom/adrofx_theme/assets/images/icon-info.html]
[adrofx.com/themes/custom/adrofx_theme/assets/images/check-default.html]
[adrofx.com/themes/custom/adrofx_theme/assets/images/check-checked.html]
[adrofx.com/themes/custom/adrofx_theme/assets/images/check-bg.html]
[adrofx.com/themes/custom/adrofx_theme/assets/images/partners-registration-bg.html]
[adrofx.com/themes/custom/adrofx_theme/assets/images/vps/vps-bg.html]
[adrofx.com/themes/custom/adrofx_theme/assets/images/why/why-header-bg.html]
[adrofx.com/themes/custom/adrofx_theme/assets/img/refer-a-friend/refer-a-friend-lg.html]
[adrofx.com/themes/custom/adrofx_theme/assets/images/partners/partners-header.html]
[adrofx.com/themes/custom/adrofx_theme/assets/images/partners/simple.html]
[adrofx.com/themes/custom/adrofx_theme/assets/images/trading-calculator/trading-calculator-header-xl.html]
[adrofx.com/themes/custom/adrofx_theme/assets/images/account-swap-free/slider-xl.html]
[adrofx.com/themes/custom/adrofx_theme/assets/images/account-swap-free/islamic-ornament.html]
[adrofx.com/themes/custom/adrofx_theme/assets/images/fund-security.html]
[adrofx.com/themes/custom/adrofx_theme/assets/img/web-trading-platform/web_trading_platforms_lg.html]
[adrofx.com/themes/custom/adrofx_theme/assets/img/trading-platform/bars.html]
[adrofx.com/themes/custom/adrofx_theme/assets/img/liquidity-providers/icon-logo-deutsche-bank.html]
[adrofx.com/themes/custom/adrofx_theme/assets/img/liquidity-providers/icon-logo-barclays.html]
[adrofx.com/themes/custom/adrofx_theme/assets/img/liquidity-providers/icon-logo-goldman-sachs.html]
[adrofx.com/themes/custom/adrofx_theme/assets/img/liquidity-providers/icon-logo-ubs.html]
[adrofx.com/themes/custom/adrofx_theme/assets/img/liquidity-providers/icon-logo-merrill-lynch.html]
[adrofx.com/themes/custom/adrofx_theme/assets/img/liquidity-providers/icon-logo-credit-suisse.html]
[adrofx.com/themes/custom/adrofx_theme/assets/images/account-swap-free/islamic-account-lg.html]
[adrofx.com/themes/custom/adrofx_theme/assets/images/trading-calculator/trading-calculator-header-xs.html]
[adrofx.com/themes/custom/adrofx_theme/assets/images/account-swap-free/islamic-account-md.html]
[adrofx.com/themes/custom/adrofx_theme/assets/images/account-swap-free/islamic-account-xs.html]
[adrofx.com/themes/custom/adrofx_theme/images/arrow-right-white.svg]
[adrofx.com/themes/custom/adrofx_theme/images/check.svg]
[adrofx.com/themes/custom/adrofx_theme/images/close-icon.svg]
[adrofx.com/themes/custom/adrofx_theme/images/warning-icon.svg]
[adrofx.com/themes/custom/adrofx_theme/images/select-arrow-down.svg]
[adrofx.com/themes/custom/adrofx_theme/images/top-markets-icons/arrow-down.svg]
[adrofx.com/themes/custom/adrofx_theme/images/tab-passive.svg]
[adrofx.com/themes/custom/adrofx_theme/images/tab-active.svg]
[adrofx.com/themes/custom/adrofx_theme/images/long-arrow-right.svg]
[adrofx.com/themes/custom/adrofx_theme/images/long-arrow-left.svg]
[adrofx.com/themes/custom/adrofx_theme/images/icons/icon-linkedin-fill.svg]
[adrofx.com/themes/custom/adrofx_theme/images/icons/icon-twitter-fill.svg]
[adrofx.com/themes/custom/adrofx_theme/images/icons/icon-facebook-fill.svg]
[adrofx.com/themes/custom/adrofx_theme/images/icons/icon-link-fill.svg]
[adrofx.com/themes/custom/adrofx_theme/images/arrow-dropdown.svg]
[adrofx.com/themes/custom/adrofx_theme/images/icon-info.svg]
[adrofx.com/themes/custom/adrofx_theme/images/check-default.svg]
[adrofx.com/themes/custom/adrofx_theme/images/check-checked.svg]
[adrofx.com/themes/custom/adrofx_theme/images/check-bg.svg]
[adrofx.com/themes/custom/adrofx_theme/img/arrow-right-blue.svg]
[adrofx.com/themes/custom/adrofx_theme/images/icons/icon-quotes.svg]
[adrofx.com/themes/custom/adrofx_theme/images/icons/icon-arrow.svg]
[adrofx.com/themes/custom/adrofx_theme/fonts/icons-2/icons-29ae5.html]
[adrofx.com/themes/custom/adrofx_theme/fonts/icons-2/icons-29ae5-2.html]
[adrofx.com/themes/custom/adrofx_theme/fonts/icons-2/icons-29ae5-3.html]
[adrofx.com/themes/custom/adrofx_theme/fonts/icons-2/icons-29ae5-4.html]
[adrofx.com/themes/custom/adrofx_theme/fonts/standard/standarde12d.html]
[adrofx.com/themes/custom/adrofx_theme/fonts/standard/standarde12d-2.html]
[adrofx.com/themes/custom/adrofx_theme/fonts/standard/standarde12d-3.html]
[adrofx.com/themes/custom/adrofx_theme/fonts/standard/standarde12d-4.html]
[adrofx.com/themes/custom/adrofx_theme/fonts/premium/premium8f14.html]
[adrofx.com/themes/custom/adrofx_theme/fonts/premium/premium8f14-2.html]
[adrofx.com/themes/custom/adrofx_theme/fonts/premium/premium8f14-3.html]
[adrofx.com/themes/custom/adrofx_theme/fonts/premium/premium8f14-4.html]
[adrofx.com/themes/custom/adrofx_theme/fonts/pro/pro4cab.html]
[adrofx.com/themes/custom/adrofx_theme/fonts/pro/pro4cab-2.html]
[adrofx.com/themes/custom/adrofx_theme/fonts/pro/pro4cab-3.html]
[adrofx.com/themes/custom/adrofx_theme/fonts/pro/pro4cab-4.html]
[cdnjs.cloudflare.com/ajax/libs/slick-carousel/1.8.1/fonts/slick.svg]
[cdn.jsdelivr.net/npm/bootstrap-icons@1.8.1/font/fonts/bootstrap-icons44df.woff2]
[cdn.jsdelivr.net/npm/bootstrap-icons@1.8.1/font/fonts/bootstrap-icons44df.woff]
[cdn.jsdelivr.net/npm/bootstrap-icons@1.8.1/font/bootstrap-icons.css]
[adrofx.com/themes/custom/adrofx_theme/185/fonts/b9a86a749f6403ffcbf023ac838674c6.svg]
[adrofx.com/themes/custom/adrofx_theme/185/img/top-investor-word__white.svg]
[adrofx.com/themes/custom/adrofx_theme/185/img/top-investor-word.svg]
